// Jest Snapshot v1, https://goo.gl/fbAQLP

exports[`matches snapshot 1`] = `
<div
  className="calc-body"
>
  <div
    className="calc-screen"
  >
    <div
      id="calc-typed"
    >
      0
    </div>
  </div>
  <div
    className="calc-button-row"
  >
    <button
      className="ac"
      onClick={[Function]}
      type="button"
    >
      AC
    </button>
    <button
      className="opt"
      onClick={[Function]}
      type="button"
    >
      +/−
    </button>
    <button
      className="opt"
      onClick={[Function]}
      type="button"
    >
      %
    </button>
    <button
      className="opt"
      onClick={[Function]}
      type="button"
    >
      ÷
    </button>
    <button
      onClick={[Function]}
      type="button"
    >
      7
    </button>
    <button
      onClick={[Function]}
      type="button"
    >
      8
    </button>
    <button
      onClick={[Function]}
      type="button"
    >
      9
    </button>
    <button
      className="opt"
      onClick={[Function]}
      type="button"
    >
      ×
    </button>
    <button
      onClick={[Function]}
      type="button"
    >
      4
    </button>
    <button
      onClick={[Function]}
      type="button"
    >
      5
    </button>
    <button
      onClick={[Function]}
      type="button"
    >
      6
    </button>
    <button
      className="opt"
      onClick={[Function]}
      type="button"
    >
      −
    </button>
    <button
      onClick={[Function]}
      type="button"
    >
      1
    </button>
    <button
      onClick={[Function]}
      type="button"
    >
      2
    </button>
    <button
      onClick={[Function]}
      type="button"
    >
      3
    </button>
    <button
      className="opt"
      onClick={[Function]}
      type="button"
    >
      +
    </button>
    <button
      onClick={[Function]}
      type="button"
    >
      0
    </button>
    <button
      onClick={[Function]}
      type="button"
    >
      .
    </button>
    <button
      onClick={[Function]}
      type="button"
    >
      ⌫
    </button>
    <button
      className="opt"
      onClick={[Function]}
      type="button"
    >
      =
    </button>
  </div>
</div>
`;
